// Jest Snapshot v1, https://goo.gl/fbAQLP

exports[`splitting headers should split headers to the rest 1`] = `
Array [
  Object {
    "id": "id2",
    "title": "Opp Name",
    "type": "attrLabel",
  },
  Object {
    "id": "id3",
    "title": "Stage",
    "type": "attrLabel",
  },
  Object {
    "id": "metricNames",
    "metrics": Array [
      Object {
        "header": Object {
          "id": "id1",
          "title": "Probability",
          "type": "metric",
        },
        "index": 0,
      },
      Object {
        "header": Object {
          "id": "id2",
          "title": "Revenue",
          "type": "metric",
        },
        "index": 1,
      },
    ],
    "title": "Metric",
    "type": "attrLabel",
    "uri": "/metricGroup",
  },
  Object {
    "format": "#,##0.00",
    "id": "metricValues",
    "title": "Probability",
    "type": "metric",
    "uri": "/metricValues",
  },
]
`;
