// Jest Snapshot v1, https://goo.gl/fbAQLP

exports[`chartCreators getPieChartOptions tooltip should handle tooltip generation if no metric present 1`] = `
"
            <table class=\\"tt-values\\">
                <tr>
                <td class=\\"title\\">att1</td>
                <td class=\\"value\\"></td>
            </tr>
                <tr>
                    <td class=\\"title\\"></td>
                    <td class=\\"value\\">1234</td>
                </tr>
            </table>"
`;
